// Jest Snapshot v1, https://goo.gl/fbAQLP

exports[`User Card Tests renders userCard component correctly with false values 1`] = `
<View
  style={
    {
      "borderRadius": 10,
      "borderStyle": "solid",
      "borderWidth": 1,
      "flex": 1,
      "marginBottom": 5,
      "width": "100%",
    }
  }
>
  <View
    style={
      {
        "padding": 5,
      }
    }
  >
    <Text
      style={
        [
          {
            "color": "#000000",
            "fontFamily": "System",
            "fontWeight": "400",
          },
          {
            "textAlign": "left",
          },
          {
            "backgroundColor": "#F2D6F3",
            "borderRadius": 5,
            "color": "blue",
            "elevation": 5,
            "fontSize": 18,
            "padding": 10,
            "textAlign": "center",
          },
        ]
      }
    >
      testEmail@Email.com
    </Text>
  </View>
  <View
    style={
      {
        "flex": 1,
        "flexDirection": "row",
        "justifyContent": "space-between",
        "padding": 20,
      }
    }
  >
    <View>
      <Text
        style={
          [
            {
              "color": "#000000",
              "fontFamily": "System",
              "fontWeight": "400",
            },
            {
              "textAlign": "left",
            },
            {
              "color": "black",
              "fontSize": 15,
              "paddingBottom": 2,
            },
          ]
        }
      >
        Pronouns:
      </Text>
      <Text
        style={
          [
            {
              "color": "#000000",
              "fontFamily": "System",
              "fontWeight": "400",
            },
            {
              "textAlign": "left",
            },
            {
              "color": "black",
              "fontSize": 15,
              "paddingBottom": 2,
            },
          ]
        }
      >
        First Name:
      </Text>
      <Text
        style={
          [
            {
              "color": "#000000",
              "fontFamily": "System",
              "fontWeight": "400",
            },
            {
              "textAlign": "left",
            },
            {
              "color": "black",
              "fontSize": 15,
              "paddingBottom": 2,
            },
          ]
        }
      >
        Middle Name:
      </Text>
      <Text
        style={
          [
            {
              "color": "#000000",
              "fontFamily": "System",
              "fontWeight": "400",
            },
            {
              "textAlign": "left",
            },
            {
              "color": "black",
              "fontSize": 15,
              "paddingBottom": 2,
            },
          ]
        }
      >
        Last Name:
      </Text>
      <Text
        style={
          [
            {
              "color": "#000000",
              "fontFamily": "System",
              "fontWeight": "400",
            },
            {
              "textAlign": "left",
            },
            {
              "color": "black",
              "fontSize": 15,
              "paddingBottom": 2,
            },
          ]
        }
      >
        Phone Number:
      </Text>
      <Text
        style={
          [
            {
              "color": "#000000",
              "fontFamily": "System",
              "fontWeight": "400",
            },
            {
              "textAlign": "left",
            },
            {
              "color": "black",
              "fontSize": 15,
              "paddingBottom": 2,
            },
          ]
        }
      >
        Date of Birth:
      </Text>
      <Text
        style={
          [
            {
              "color": "#000000",
              "fontFamily": "System",
              "fontWeight": "400",
            },
            {
              "textAlign": "left",
            },
            {
              "color": "black",
              "fontSize": 15,
              "paddingBottom": 2,
            },
          ]
        }
      >
        Email Verified:
      </Text>
      <Text
        style={
          [
            {
              "color": "#000000",
              "fontFamily": "System",
              "fontWeight": "400",
            },
            {
              "textAlign": "left",
            },
            {
              "color": "black",
              "fontSize": 15,
              "paddingBottom": 2,
            },
          ]
        }
      >
        Created On:
      </Text>
      <Text
        style={
          [
            {
              "color": "#000000",
              "fontFamily": "System",
              "fontWeight": "400",
            },
            {
              "textAlign": "left",
            },
            {
              "color": "black",
              "fontSize": 15,
              "paddingBottom": 2,
            },
          ]
        }
      >
        Notifications:
      </Text>
      <Text
        style={
          [
            {
              "color": "#000000",
              "fontFamily": "System",
              "fontWeight": "400",
            },
            {
              "textAlign": "left",
            },
            {
              "color": "black",
              "fontSize": 15,
              "paddingBottom": 2,
            },
          ]
        }
      >
        Status:
      </Text>
      <Text
        style={
          [
            {
              "color": "#000000",
              "fontFamily": "System",
              "fontWeight": "400",
            },
            {
              "textAlign": "left",
            },
            undefined,
          ]
        }
      />
      <Text
        onPress={[Function]}
        style={
          [
            {
              "color": "#000000",
              "fontFamily": "System",
              "fontWeight": "400",
            },
            {
              "textAlign": "left",
            },
            {
              "color": "blue",
              "textDecorationLine": "underline",
            },
          ]
        }
      >
        View Privacy Policy
      </Text>
    </View>
    <View>
      <Text
        style={
          [
            {
              "color": "#000000",
              "fontFamily": "System",
              "fontWeight": "400",
            },
            {
              "textAlign": "left",
            },
            {
              "color": "black",
              "fontSize": 15,
              "paddingBottom": 2,
            },
          ]
        }
      >
        He/Him
      </Text>
      <Text
        style={
          [
            {
              "color": "#000000",
              "fontFamily": "System",
              "fontWeight": "400",
            },
            {
              "textAlign": "left",
            },
            {
              "color": "black",
              "fontSize": 15,
              "paddingBottom": 2,
            },
          ]
        }
      >
        Gavin
      </Text>
      <Text
        style={
          [
            {
              "color": "#000000",
              "fontFamily": "System",
              "fontWeight": "400",
            },
            {
              "textAlign": "left",
            },
            {
              "color": "black",
              "fontSize": 15,
              "paddingBottom": 2,
            },
          ]
        }
      >
        James
      </Text>
      <Text
        style={
          [
            {
              "color": "#000000",
              "fontFamily": "System",
              "fontWeight": "400",
            },
            {
              "textAlign": "left",
            },
            {
              "color": "black",
              "fontSize": 15,
              "paddingBottom": 2,
            },
          ]
        }
      >
        Davis
      </Text>
      <Text
        style={
          [
            {
              "color": "#000000",
              "fontFamily": "System",
              "fontWeight": "400",
            },
            {
              "textAlign": "left",
            },
            {
              "color": "black",
              "fontSize": 15,
              "paddingBottom": 2,
            },
          ]
        }
      >
        123456
      </Text>
      <Text
        style={
          [
            {
              "color": "#000000",
              "fontFamily": "System",
              "fontWeight": "400",
            },
            {
              "textAlign": "left",
            },
            {
              "color": "black",
              "fontSize": 15,
              "paddingBottom": 2,
            },
          ]
        }
      >
        1983-01-01
      </Text>
      <Text
        style={
          [
            {
              "color": "#000000",
              "fontFamily": "System",
              "fontWeight": "400",
            },
            {
              "textAlign": "left",
            },
            {
              "color": "black",
              "fontSize": 15,
              "paddingBottom": 2,
            },
          ]
        }
      >
        No
      </Text>
      <Text
        style={
          [
            {
              "color": "#000000",
              "fontFamily": "System",
              "fontWeight": "400",
            },
            {
              "textAlign": "left",
            },
            {
              "color": "black",
              "fontSize": 15,
              "paddingBottom": 2,
            },
          ]
        }
      />
      <Text
        style={
          [
            {
              "color": "#000000",
              "fontFamily": "System",
              "fontWeight": "400",
            },
            {
              "textAlign": "left",
            },
            {
              "color": "black",
              "fontSize": 15,
              "paddingBottom": 2,
            },
          ]
        }
      >
        No
      </Text>
      <Text
        style={
          [
            {
              "color": "#000000",
              "fontFamily": "System",
              "fontWeight": "400",
            },
            {
              "textAlign": "left",
            },
            {
              "color": "black",
              "fontSize": 15,
              "paddingBottom": 2,
            },
          ]
        }
      />
    </View>
  </View>
</View>
`;

exports[`User Card Tests renders userCard component correctly wuth true values 1`] = `
<View
  style={
    {
      "borderRadius": 10,
      "borderStyle": "solid",
      "borderWidth": 1,
      "flex": 1,
      "marginBottom": 5,
      "width": "100%",
    }
  }
>
  <View
    style={
      {
        "padding": 5,
      }
    }
  >
    <Text
      style={
        [
          {
            "color": "#000000",
            "fontFamily": "System",
            "fontWeight": "400",
          },
          {
            "textAlign": "left",
          },
          {
            "backgroundColor": "#F2D6F3",
            "borderRadius": 5,
            "color": "blue",
            "elevation": 5,
            "fontSize": 18,
            "padding": 10,
            "textAlign": "center",
          },
        ]
      }
    >
      testEmail@Email.com
    </Text>
  </View>
  <View
    style={
      {
        "flex": 1,
        "flexDirection": "row",
        "justifyContent": "space-between",
        "padding": 20,
      }
    }
  >
    <View>
      <Text
        style={
          [
            {
              "color": "#000000",
              "fontFamily": "System",
              "fontWeight": "400",
            },
            {
              "textAlign": "left",
            },
            {
              "color": "black",
              "fontSize": 15,
              "paddingBottom": 2,
            },
          ]
        }
      >
        Pronouns:
      </Text>
      <Text
        style={
          [
            {
              "color": "#000000",
              "fontFamily": "System",
              "fontWeight": "400",
            },
            {
              "textAlign": "left",
            },
            {
              "color": "black",
              "fontSize": 15,
              "paddingBottom": 2,
            },
          ]
        }
      >
        First Name:
      </Text>
      <Text
        style={
          [
            {
              "color": "#000000",
              "fontFamily": "System",
              "fontWeight": "400",
            },
            {
              "textAlign": "left",
            },
            {
              "color": "black",
              "fontSize": 15,
              "paddingBottom": 2,
            },
          ]
        }
      >
        Middle Name:
      </Text>
      <Text
        style={
          [
            {
              "color": "#000000",
              "fontFamily": "System",
              "fontWeight": "400",
            },
            {
              "textAlign": "left",
            },
            {
              "color": "black",
              "fontSize": 15,
              "paddingBottom": 2,
            },
          ]
        }
      >
        Last Name:
      </Text>
      <Text
        style={
          [
            {
              "color": "#000000",
              "fontFamily": "System",
              "fontWeight": "400",
            },
            {
              "textAlign": "left",
            },
            {
              "color": "black",
              "fontSize": 15,
              "paddingBottom": 2,
            },
          ]
        }
      >
        Phone Number:
      </Text>
      <Text
        style={
          [
            {
              "color": "#000000",
              "fontFamily": "System",
              "fontWeight": "400",
            },
            {
              "textAlign": "left",
            },
            {
              "color": "black",
              "fontSize": 15,
              "paddingBottom": 2,
            },
          ]
        }
      >
        Date of Birth:
      </Text>
      <Text
        style={
          [
            {
              "color": "#000000",
              "fontFamily": "System",
              "fontWeight": "400",
            },
            {
              "textAlign": "left",
            },
            {
              "color": "black",
              "fontSize": 15,
              "paddingBottom": 2,
            },
          ]
        }
      >
        Email Verified:
      </Text>
      <Text
        style={
          [
            {
              "color": "#000000",
              "fontFamily": "System",
              "fontWeight": "400",
            },
            {
              "textAlign": "left",
            },
            {
              "color": "black",
              "fontSize": 15,
              "paddingBottom": 2,
            },
          ]
        }
      >
        Created On:
      </Text>
      <Text
        style={
          [
            {
              "color": "#000000",
              "fontFamily": "System",
              "fontWeight": "400",
            },
            {
              "textAlign": "left",
            },
            {
              "color": "black",
              "fontSize": 15,
              "paddingBottom": 2,
            },
          ]
        }
      >
        Notifications:
      </Text>
      <Text
        style={
          [
            {
              "color": "#000000",
              "fontFamily": "System",
              "fontWeight": "400",
            },
            {
              "textAlign": "left",
            },
            {
              "color": "black",
              "fontSize": 15,
              "paddingBottom": 2,
            },
          ]
        }
      >
        Status:
      </Text>
      <Text
        style={
          [
            {
              "color": "#000000",
              "fontFamily": "System",
              "fontWeight": "400",
            },
            {
              "textAlign": "left",
            },
            undefined,
          ]
        }
      />
      <Text
        onPress={[Function]}
        style={
          [
            {
              "color": "#000000",
              "fontFamily": "System",
              "fontWeight": "400",
            },
            {
              "textAlign": "left",
            },
            {
              "color": "blue",
              "textDecorationLine": "underline",
            },
          ]
        }
      >
        View Privacy Policy
      </Text>
    </View>
    <View>
      <Text
        style={
          [
            {
              "color": "#000000",
              "fontFamily": "System",
              "fontWeight": "400",
            },
            {
              "textAlign": "left",
            },
            {
              "color": "black",
              "fontSize": 15,
              "paddingBottom": 2,
            },
          ]
        }
      >
        He/Him
      </Text>
      <Text
        style={
          [
            {
              "color": "#000000",
              "fontFamily": "System",
              "fontWeight": "400",
            },
            {
              "textAlign": "left",
            },
            {
              "color": "black",
              "fontSize": 15,
              "paddingBottom": 2,
            },
          ]
        }
      >
        Gavin
      </Text>
      <Text
        style={
          [
            {
              "color": "#000000",
              "fontFamily": "System",
              "fontWeight": "400",
            },
            {
              "textAlign": "left",
            },
            {
              "color": "black",
              "fontSize": 15,
              "paddingBottom": 2,
            },
          ]
        }
      >
        James
      </Text>
      <Text
        style={
          [
            {
              "color": "#000000",
              "fontFamily": "System",
              "fontWeight": "400",
            },
            {
              "textAlign": "left",
            },
            {
              "color": "black",
              "fontSize": 15,
              "paddingBottom": 2,
            },
          ]
        }
      >
        Davis
      </Text>
      <Text
        style={
          [
            {
              "color": "#000000",
              "fontFamily": "System",
              "fontWeight": "400",
            },
            {
              "textAlign": "left",
            },
            {
              "color": "black",
              "fontSize": 15,
              "paddingBottom": 2,
            },
          ]
        }
      >
        123456
      </Text>
      <Text
        style={
          [
            {
              "color": "#000000",
              "fontFamily": "System",
              "fontWeight": "400",
            },
            {
              "textAlign": "left",
            },
            {
              "color": "black",
              "fontSize": 15,
              "paddingBottom": 2,
            },
          ]
        }
      >
        1983-01-01
      </Text>
      <Text
        style={
          [
            {
              "color": "#000000",
              "fontFamily": "System",
              "fontWeight": "400",
            },
            {
              "textAlign": "left",
            },
            {
              "color": "black",
              "fontSize": 15,
              "paddingBottom": 2,
            },
          ]
        }
      >
        Yes
      </Text>
      <Text
        style={
          [
            {
              "color": "#000000",
              "fontFamily": "System",
              "fontWeight": "400",
            },
            {
              "textAlign": "left",
            },
            {
              "color": "black",
              "fontSize": 15,
              "paddingBottom": 2,
            },
          ]
        }
      />
      <Text
        style={
          [
            {
              "color": "#000000",
              "fontFamily": "System",
              "fontWeight": "400",
            },
            {
              "textAlign": "left",
            },
            {
              "color": "black",
              "fontSize": 15,
              "paddingBottom": 2,
            },
          ]
        }
      >
        No
      </Text>
      <Text
        style={
          [
            {
              "color": "#000000",
              "fontFamily": "System",
              "fontWeight": "400",
            },
            {
              "textAlign": "left",
            },
            {
              "color": "black",
              "fontSize": 15,
              "paddingBottom": 2,
            },
          ]
        }
      />
    </View>
  </View>
</View>
`;
